Starting a Gradle Daemon, 2 stopped Daemons could not be reused, use --status for details

> Configure project :app
WARNING: The option setting 'android.usesSdkInManifest.disallowed=false' is deprecated.
The current default is 'true'.
It will be removed in version 10.0 of the Android Gradle plugin.
Add android.sync.suppressAgpWarnings=UNSUPPORTED_PROJECT_OPTION_USE to the gradle.properties file to suppress this warning.
WARNING: The option setting 'android.sdk.defaultTargetSdkToCompileSdkIfUnset=false' is deprecated.
The current default is 'true'.
It will be removed in version 10.0 of the Android Gradle plugin.
Add android.sync.suppressAgpWarnings=UNSUPPORTED_PROJECT_OPTION_USE to the gradle.properties file to suppress this warning.
WARNING: The option setting 'android.enableAppCompileTimeRClass=false' is deprecated.
The current default is 'true'.
It will be removed in version 10.0 of the Android Gradle plugin.
Add android.sync.suppressAgpWarnings=UNSUPPORTED_PROJECT_OPTION_USE to the gradle.properties file to suppress this warning.
WARNING: The option setting 'android.defaults.buildfeatures.resvalues=true' is deprecated.
The current default is 'false'.
It will be removed in version 10.0 of the Android Gradle plugin.
Add android.sync.suppressAgpWarnings=UNSUPPORTED_PROJECT_OPTION_USE to the gradle.properties file to suppress this warning.
google-services.json NO encontrado → Firebase Auth deshabilitado en este build (el multijugador no funcionará). Es normal en clones/PRs sin el archivo.
WARNING: The property android.dependency.excludeLibraryComponentsFromConstraints improves project import performance for very large projects. It should be enabled to improve performance.
To suppress this warning, add android.generateSyncIssueWhenLibraryConstraintsAreEnabled=false to gradle.properties
Add android.sync.suppressAgpWarnings=LIBRARY_CONSTRAINTS_SHOULD_BE_DISABLED to the gradle.properties file to suppress this warning.
WARNING: The property android.dependency.excludeLibraryComponentsFromConstraints improves project import performance for very large projects. It should be enabled to improve performance.
To suppress this warning, add android.generateSyncIssueWhenLibraryConstraintsAreEnabled=false to gradle.properties
Add android.sync.suppressAgpWarnings=LIBRARY_CONSTRAINTS_SHOULD_BE_DISABLED to the gradle.properties file to suppress this warning.
WARNING: The property android.dependency.excludeLibraryComponentsFromConstraints improves project import performance for very large projects. It should be enabled to improve performance.
To suppress this warning, add android.generateSyncIssueWhenLibraryConstraintsAreEnabled=false to gradle.properties
Add android.sync.suppressAgpWarnings=LIBRARY_CONSTRAINTS_SHOULD_BE_DISABLED to the gradle.properties file to suppress this warning.
WARNING: The property android.dependency.excludeLibraryComponentsFromConstraints improves project import performance for very large projects. It should be enabled to improve performance.
To suppress this warning, add android.generateSyncIssueWhenLibraryConstraintsAreEnabled=false to gradle.properties
Add android.sync.suppressAgpWarnings=LIBRARY_CONSTRAINTS_SHOULD_BE_DISABLED to the gradle.properties file to suppress this warning.

> Task :app:preBuild UP-TO-DATE
> Task :app:preDebugBuild UP-TO-DATE
> Task :app:mergeDebugNativeDebugMetadata NO-SOURCE
> Task :app:generateDebugBuildConfig UP-TO-DATE
> Task :shared:androidPreBuild UP-TO-DATE
> Task :shared:preAndroidMainBuild UP-TO-DATE
> Task :shared:writeAndroidMainAarMetadata UP-TO-DATE
> Task :app:checkDebugAarMetadata UP-TO-DATE
> Task :app:generateDebugResValues UP-TO-DATE
> Task :app:mapDebugSourceSetPaths UP-TO-DATE
> Task :shared:generateAndroidMainEmptyResourceFiles UP-TO-DATE
> Task :app:processDebugNavigationResources UP-TO-DATE
> Task :app:compileDebugNavigationResources UP-TO-DATE
> Task :app:generateDebugResources UP-TO-DATE
> Task :shared:convertXmlValueResourcesForAndroidMain NO-SOURCE
> Task :shared:copyNonXmlValueResourcesForAndroidMain NO-SOURCE
> Task :shared:prepareComposeResourcesTaskForAndroidMain NO-SOURCE
> Task :shared:convertXmlValueResourcesForCommonMain UP-TO-DATE
> Task :shared:copyNonXmlValueResourcesForCommonMain UP-TO-DATE
> Task :shared:prepareComposeResourcesTaskForCommonMain UP-TO-DATE
> Task :shared:copyAndroidMainComposeResourcesToAndroidAssets UP-TO-DATE
> Task :shared:packageAndroidMainResources UP-TO-DATE
> Task :app:mergeDebugResources UP-TO-DATE
> Task :app:packageDebugResources UP-TO-DATE
> Task :app:parseDebugLocalResources UP-TO-DATE
> Task :app:createDebugCompatibleScreenManifests UP-TO-DATE
> Task :app:extractDeepLinksDebug UP-TO-DATE
> Task :shared:processAndroidMainManifest UP-TO-DATE
> Task :app:processDebugMainManifest UP-TO-DATE
> Task :app:processDebugManifest UP-TO-DATE
> Task :app:processDebugManifestForPackage UP-TO-DATE
> Task :shared:mapAndroidMainSourceSetPaths UP-TO-DATE
> Task :shared:compileAndroidMainLibraryResources UP-TO-DATE
> Task :shared:parseAndroidMainLocalResources UP-TO-DATE
> Task :shared:generateAndroidMainRFile UP-TO-DATE
> Task :app:processDebugResources UP-TO-DATE
> Task :shared:kmpPartiallyResolvedDependenciesChecker
> Task :shared:checkKotlinGradlePluginConfigurationErrors SKIPPED
> Task :shared:generateResourceAccessorsForAndroidMain NO-SOURCE
> Task :shared:generateResourceAccessorsForCommonMain UP-TO-DATE
> Task :shared:generateActualResourceCollectorsForAndroidMain UP-TO-DATE
> Task :shared:generateComposeResClass UP-TO-DATE
> Task :shared:generateExpectResourceCollectorsForCommonMain UP-TO-DATE
> Task :shared:convertXmlValueResourcesForAndroidHostTest NO-SOURCE
> Task :shared:copyNonXmlValueResourcesForAndroidHostTest NO-SOURCE
> Task :shared:prepareComposeResourcesTaskForAndroidHostTest NO-SOURCE
> Task :shared:generateResourceAccessorsForAndroidHostTest NO-SOURCE
> Task :shared:convertXmlValueResourcesForCommonTest NO-SOURCE
> Task :shared:copyNonXmlValueResourcesForCommonTest NO-SOURCE
> Task :shared:prepareComposeResourcesTaskForCommonTest NO-SOURCE
> Task :shared:generateResourceAccessorsForCommonTest NO-SOURCE
> Task :app:javaPreCompileDebug UP-TO-DATE
> Task :app:generateDebugAssets UP-TO-DATE
> Task :shared:generateAndroidMainAssets UP-TO-DATE
> Task :shared:mergeAndroidMainAssets UP-TO-DATE
> Task :app:mergeDebugAssets UP-TO-DATE
> Task :app:compressDebugAssets UP-TO-DATE
> Task :app:generateDebugGlobalSynthetics UP-TO-DATE
> Task :app:checkDebugDuplicateClasses UP-TO-DATE
> Task :app:desugarDebugFileDependencies UP-TO-DATE
> Task :app:mergeExtDexDebug UP-TO-DATE
> Task :app:mergeDebugJniLibFolders UP-TO-DATE
> Task :shared:mergeAndroidMainJniLibFolders UP-TO-DATE
> Task :shared:mergeAndroidMainNativeLibs NO-SOURCE
> Task :shared:copyAndroidMainJniLibsProjectOnly UP-TO-DATE
> Task :app:mergeDebugNativeLibs UP-TO-DATE
> Task :app:stripDebugDebugSymbols UP-TO-DATE
> Task :app:validateSigningDebug UP-TO-DATE
> Task :app:writeDebugAppMetadata UP-TO-DATE
> Task :app:writeDebugSigningConfigVersions UP-TO-DATE
> Task :app:preDebugUnitTestBuild UP-TO-DATE
> Task :app:javaPreCompileDebugUnitTest UP-TO-DATE
> Task :shared:androidJar UP-TO-DATE
> Task :shared:preAndroidHostTestBuild UP-TO-DATE
> Task :shared:processAndroidHostTestJavaRes NO-SOURCE
> Task :shared:kspAndroidMain
> Task :shared:compileAndroidMain
w: file:///home/jesus/Desktop/Moviles/POW-fork/PolitecnicoOpenWorld/shared/build/generated/ksp/android/androidMain/kotlin/ovh/gabrielhuav/pow/data/local/room/PowDatabaseConstructor.kt:5:8 'expect'/'actual' classes (including interfaces, objects, annotations, enums, and 'actual' typealiases) are in Beta. Consider using the '-Xexpect-actual-classes' flag to suppress this warning. Also see: https://youtrack.jetbrains.com/issue/KT-61573
w: file:///home/jesus/Desktop/Moviles/POW-fork/PolitecnicoOpenWorld/shared/src/androidMain/kotlin/ovh/gabrielhuav/pow/features/streetfighter/data/SfLanDiscovery.kt:92:50 No cast needed.
w: file:///home/jesus/Desktop/Moviles/POW-fork/PolitecnicoOpenWorld/shared/src/androidMain/kotlin/ovh/gabrielhuav/pow/platform/concurrencia/PowCerrojo.android.kt:7:1 'expect'/'actual' classes (including interfaces, objects, annotations, enums, and 'actual' typealiases) are in Beta. Consider using the '-Xexpect-actual-classes' flag to suppress this warning. Also see: https://youtrack.jetbrains.com/issue/KT-61573
w: file:///home/jesus/Desktop/Moviles/POW-fork/PolitecnicoOpenWorld/shared/src/androidMain/kotlin/ovh/gabrielhuav/pow/presentation/PowViewModel.android.kt:11:1 'expect'/'actual' classes (including interfaces, objects, annotations, enums, and 'actual' typealiases) are in Beta. Consider using the '-Xexpect-actual-classes' flag to suppress this warning. Also see: https://youtrack.jetbrains.com/issue/KT-61573
w: file:///home/jesus/Desktop/Moviles/POW-fork/PolitecnicoOpenWorld/shared/src/commonMain/kotlin/ovh/gabrielhuav/pow/domain/models/ai/CampaignEscortPolice.kt:360:26 Condition is always 'true'.
w: file:///home/jesus/Desktop/Moviles/POW-fork/PolitecnicoOpenWorld/shared/src/commonMain/kotlin/ovh/gabrielhuav/pow/domain/models/ai/NpcAiManager.kt:917:49 Redundant call of conversion method.
w: file:///home/jesus/Desktop/Moviles/POW-fork/PolitecnicoOpenWorld/shared/src/commonMain/kotlin/ovh/gabrielhuav/pow/domain/models/ai/NpcAiManagerTraffic.kt:124:61 Redundant call of conversion method.
w: file:///home/jesus/Desktop/Moviles/POW-fork/PolitecnicoOpenWorld/shared/src/commonMain/kotlin/ovh/gabrielhuav/pow/domain/models/ai/NpcAiManagerTraffic.kt:200:43 Elvis operator (?:) always returns the left operand of non-nullable type 'LocalWay'.
w: file:///home/jesus/Desktop/Moviles/POW-fork/PolitecnicoOpenWorld/shared/src/commonMain/kotlin/ovh/gabrielhuav/pow/domain/models/ai/NpcAiManagerTraffic.kt:320:24 Unnecessary non-null assertion (!!) on a non-null receiver of type 'MapWay'.
w: file:///home/jesus/Desktop/Moviles/POW-fork/PolitecnicoOpenWorld/shared/src/commonMain/kotlin/ovh/gabrielhuav/pow/domain/models/ai/NpcAiManagerTraffic.kt:478:66 Redundant call of conversion method.
w: file:///home/jesus/Desktop/Moviles/POW-fork/PolitecnicoOpenWorld/shared/src/commonMain/kotlin/ovh/gabrielhuav/pow/domain/models/ai/PoliceManager.kt:159:26 Condition is always 'true'.
w: file:///home/jesus/Desktop/Moviles/POW-fork/PolitecnicoOpenWorld/shared/src/commonMain/kotlin/ovh/gabrielhuav/pow/features/settings/ui/SettingsScreen.kt:115:39 'val Icons.Filled.ArrowBack: ImageVector' is deprecated. Use the AutoMirrored version at Icons.AutoMirrored.Filled.ArrowBack.
w: file:///home/jesus/Desktop/Moviles/POW-fork/PolitecnicoOpenWorld/shared/src/commonMain/kotlin/ovh/gabrielhuav/pow/features/settings/ui/SettingsScreen.kt:311:49 'val Icons.Filled.VolumeUp: ImageVector' is deprecated. Use the AutoMirrored version at Icons.AutoMirrored.Filled.VolumeUp.
w: file:///home/jesus/Desktop/Moviles/POW-fork/PolitecnicoOpenWorld/shared/src/commonMain/kotlin/ovh/gabrielhuav/pow/platform/concurrencia/PowCerrojo.kt:15:1 'expect'/'actual' classes (including interfaces, objects, annotations, enums, and 'actual' typealiases) are in Beta. Consider using the '-Xexpect-actual-classes' flag to suppress this warning. Also see: https://youtrack.jetbrains.com/issue/KT-61573
w: file:///home/jesus/Desktop/Moviles/POW-fork/PolitecnicoOpenWorld/shared/src/commonMain/kotlin/ovh/gabrielhuav/pow/presentation/PowViewModel.kt:25:1 'expect'/'actual' classes (including interfaces, objects, annotations, enums, and 'actual' typealiases) are in Beta. Consider using the '-Xexpect-actual-classes' flag to suppress this warning. Also see: https://youtrack.jetbrains.com/issue/KT-61573

> Task :shared:processAndroidMainJavaRes UP-TO-DATE
> Task :shared:bundleAndroidMainClassesToCompileJar
> Task :shared:kspAndroidHostTest SKIPPED
> Task :shared:copyRoomSchemas NO-SOURCE
> Task :shared:bundleLibRuntimeToDirAndroidMain
> Task :shared:bundleAndroidMainClassesToRuntimeJar
> Task :app:kspDebugKotlin
> Task :shared:compileAndroidHostTest
> Task :app:compileDebugKotlin
> Task :shared:testAndroidHostTest
> Task :app:compileDebugJavaWithJavac UP-TO-DATE
> Task :app:processDebugJavaRes UP-TO-DATE
> Task :app:mergeDebugJavaResource UP-TO-DATE
> Task :app:hiltCollectClassesDebug
> Task :app:hiltAggregateDepsDebug UP-TO-DATE
> Task :app:hiltJavaCompileDebug UP-TO-DATE
> Task :app:bundleDebugClassesToCompileJar
> Task :app:kspDebugUnitTestKotlin SKIPPED
> Task :app:transformDebugClassesWithAsm
> Task :app:compileDebugUnitTestKotlin
> Task :app:dexBuilderDebug
> Task :app:processDebugUnitTestJavaRes UP-TO-DATE
> Task :app:compileDebugUnitTestJavaWithJavac NO-SOURCE
> Task :app:hiltCollectClassesDebugUnitTest
> Task :app:bundleDebugClassesToRuntimeJar
> Task :app:hiltAggregateDepsDebugUnitTest UP-TO-DATE
> Task :app:hiltJavaCompileDebugUnitTest NO-SOURCE
> Task :app:transformDebugUnitTestClassesWithAsm
> Task :app:mergeProjectDexDebug
> Task :app:testDebugUnitTest
> Task :app:mergeLibDexDebug
> Task :app:packageDebug
> Task :app:createDebugApkListingFileRedirect UP-TO-DATE
> Task :app:assembleDebug

BUILD SUCCESSFUL in 7m 35s
79 actionable tasks: 20 executed, 59 up-to-date
Consider enabling configuration cache to speed up this build: https://docs.gradle.org/9.5.0/userguide/configuration_cache_enabling.html
