7ed3253 chore: bump versionName 1.0.0.17 -> 1.0.0.18 [skip ci]
Starting a Gradle Daemon, 3 stopped Daemons could not be reused, use --status for details

> Configure project :app
WARNING: The option setting 'android.usesSdkInManifest.disallowed=false' is deprecated.
The current default is 'true'.
It will be removed in version 10.0 of the Android Gradle plugin.
Add android.sync.suppressAgpWarnings=UNSUPPORTED_PROJECT_OPTION_USE to the gradle.properties file to suppress this warning.
WARNING: The option setting 'android.sdk.defaultTargetSdkToCompileSdkIfUnset=false' is deprecated.
The current default is 'true'.
It will be removed in version 10.0 of the Android Gradle plugin.
Add android.sync.suppressAgpWarnings=UNSUPPORTED_PROJECT_OPTION_USE to the gradle.properties file to suppress this warning.
WARNING: The option setting 'android.enableAppCompileTimeRClass=false' is deprecated.
The current default is 'true'.
It will be removed in version 10.0 of the Android Gradle plugin.
Add android.sync.suppressAgpWarnings=UNSUPPORTED_PROJECT_OPTION_USE to the gradle.properties file to suppress this warning.
WARNING: The option setting 'android.defaults.buildfeatures.resvalues=true' is deprecated.
The current default is 'false'.
It will be removed in version 10.0 of the Android Gradle plugin.
Add android.sync.suppressAgpWarnings=UNSUPPORTED_PROJECT_OPTION_USE to the gradle.properties file to suppress this warning.
google-services.json NO encontrado → Firebase Auth deshabilitado en este build (el multijugador no funcionará). Es normal en clones/PRs sin el archivo.
WARNING: The property android.dependency.excludeLibraryComponentsFromConstraints improves project import performance for very large projects. It should be enabled to improve performance.
To suppress this warning, add android.generateSyncIssueWhenLibraryConstraintsAreEnabled=false to gradle.properties
Add android.sync.suppressAgpWarnings=LIBRARY_CONSTRAINTS_SHOULD_BE_DISABLED to the gradle.properties file to suppress this warning.
WARNING: The property android.dependency.excludeLibraryComponentsFromConstraints improves project import performance for very large projects. It should be enabled to improve performance.
To suppress this warning, add android.generateSyncIssueWhenLibraryConstraintsAreEnabled=false to gradle.properties
Add android.sync.suppressAgpWarnings=LIBRARY_CONSTRAINTS_SHOULD_BE_DISABLED to the gradle.properties file to suppress this warning.
WARNING: The property android.dependency.excludeLibraryComponentsFromConstraints improves project import performance for very large projects. It should be enabled to improve performance.
To suppress this warning, add android.generateSyncIssueWhenLibraryConstraintsAreEnabled=false to gradle.properties
Add android.sync.suppressAgpWarnings=LIBRARY_CONSTRAINTS_SHOULD_BE_DISABLED to the gradle.properties file to suppress this warning.
WARNING: The property android.dependency.excludeLibraryComponentsFromConstraints improves project import performance for very large projects. It should be enabled to improve performance.
To suppress this warning, add android.generateSyncIssueWhenLibraryConstraintsAreEnabled=false to gradle.properties
Add android.sync.suppressAgpWarnings=LIBRARY_CONSTRAINTS_SHOULD_BE_DISABLED to the gradle.properties file to suppress this warning.

> Task :app:preBuild UP-TO-DATE
> Task :app:preDebugBuild UP-TO-DATE
> Task :app:generateDebugBuildConfig
> Task :shared:androidPreBuild UP-TO-DATE
> Task :shared:preAndroidMainBuild UP-TO-DATE
> Task :shared:writeAndroidMainAarMetadata UP-TO-DATE
> Task :app:checkDebugAarMetadata UP-TO-DATE
> Task :app:generateDebugResValues UP-TO-DATE
> Task :app:mapDebugSourceSetPaths UP-TO-DATE
> Task :shared:generateAndroidMainEmptyResourceFiles UP-TO-DATE
> Task :app:processDebugNavigationResources
> Task :app:compileDebugNavigationResources UP-TO-DATE
> Task :app:generateDebugResources UP-TO-DATE
> Task :shared:convertXmlValueResourcesForAndroidMain NO-SOURCE
> Task :shared:copyNonXmlValueResourcesForAndroidMain NO-SOURCE
> Task :shared:prepareComposeResourcesTaskForAndroidMain NO-SOURCE
> Task :shared:convertXmlValueResourcesForCommonMain UP-TO-DATE
> Task :shared:copyNonXmlValueResourcesForCommonMain UP-TO-DATE
> Task :shared:prepareComposeResourcesTaskForCommonMain UP-TO-DATE
> Task :shared:copyAndroidMainComposeResourcesToAndroidAssets UP-TO-DATE
> Task :shared:packageAndroidMainResources UP-TO-DATE
> Task :app:mergeDebugResources UP-TO-DATE
> Task :app:packageDebugResources UP-TO-DATE
> Task :app:parseDebugLocalResources UP-TO-DATE
> Task :app:createDebugCompatibleScreenManifests UP-TO-DATE
> Task :app:extractDeepLinksDebug
> Task :shared:processAndroidMainManifest UP-TO-DATE
> Task :app:processDebugMainManifest
> Task :app:processDebugManifest
> Task :shared:mapAndroidMainSourceSetPaths UP-TO-DATE
> Task :shared:compileAndroidMainLibraryResources UP-TO-DATE
> Task :shared:parseAndroidMainLocalResources UP-TO-DATE
> Task :shared:generateAndroidMainRFile UP-TO-DATE
> Task :app:processDebugManifestForPackage
> Task :shared:kmpPartiallyResolvedDependenciesChecker
> Task :shared:checkKotlinGradlePluginConfigurationErrors SKIPPED
> Task :shared:generateResourceAccessorsForAndroidMain NO-SOURCE
> Task :shared:generateResourceAccessorsForCommonMain UP-TO-DATE
> Task :shared:generateActualResourceCollectorsForAndroidMain UP-TO-DATE
> Task :shared:generateComposeResClass UP-TO-DATE
> Task :shared:generateExpectResourceCollectorsForCommonMain UP-TO-DATE
> Task :app:javaPreCompileDebug UP-TO-DATE
> Task :app:processDebugResources
> Task :shared:kspAndroidMain
> Task :shared:copyRoomSchemas NO-SOURCE
> Task :shared:compileAndroidMain
> Task :shared:bundleAndroidMainClassesToCompileJar
> Task :app:kspDebugKotlin
> Task :app:compileDebugKotlin
w: file:///home/jesus/Desktop/Moviles/POW-fork/PolitecnicoOpenWorld/app/src/main/java/ovh/gabrielhuav/pow/features/interiores/zombies/ui/ZombieGameScreen.kt:1244:40 'val Icons.Filled.ExitToApp: ImageVector' is deprecated. Use the AutoMirrored version at Icons.AutoMirrored.Filled.ExitToApp.
w: file:///home/jesus/Desktop/Moviles/POW-fork/PolitecnicoOpenWorld/app/src/main/java/ovh/gabrielhuav/pow/features/interiores/zombies/ui/ZombieGameScreen.kt:1280:106 'val Icons.Filled.ExitToApp: ImageVector' is deprecated. Use the AutoMirrored version at Icons.AutoMirrored.Filled.ExitToApp.

> Task :app:compileDebugJavaWithJavac
/home/jesus/Desktop/Moviles/POW-fork/PolitecnicoOpenWorld/app/build/generated/source/buildConfig/debug/ovh/gabrielhuav/pow/BuildConfig.java:14: error: illegal start of expression
  public static final String MAPS_API_KEY = ;
                                            ^
1 error

> Task :app:compileDebugJavaWithJavac FAILED

[Incubating] Problems report is available at: file:///home/jesus/Desktop/Moviles/POW-fork/PolitecnicoOpenWorld/build/reports/problems/problems-report.html

FAILURE: Build failed with an exception.

* What went wrong:
Execution failed for task ':app:compileDebugJavaWithJavac' (registered by plugin 'com.android.internal.application').
> Compilation failed; see the compiler output below.
  /home/jesus/Desktop/Moviles/POW-fork/PolitecnicoOpenWorld/app/build/generated/source/buildConfig/debug/ovh/gabrielhuav/pow/BuildConfig.java:14: error: illegal start of expression
    public static final String MAPS_API_KEY = ;
                                              ^
  1 error

* Try:
> Check your code and dependencies to fix the compilation error(s)
> Run with --scan to get full insights from a Build Scan (powered by Develocity).

BUILD FAILED in 4m 3s
40 actionable tasks: 14 executed, 26 up-to-date
