openjdk version "21.0.12.1" 2026-08-18 LTS
OpenJDK Runtime Environment Corretto-21.0.12.9.1 (build 21.0.12.1+9-LTS)
OpenJDK 64-Bit Server VM Corretto-21.0.12.9.1 (build 21.0.12.1+9-LTS, mixed mode, sharing)
Starting a Gradle Daemon, 3 stopped Daemons could not be reused, use --status for details

> Configure project :app
WARNING: The option setting 'android.usesSdkInManifest.disallowed=false' is deprecated.
The current default is 'true'.
It will be removed in version 10.0 of the Android Gradle plugin.
Add android.sync.suppressAgpWarnings=UNSUPPORTED_PROJECT_OPTION_USE to the gradle.properties file to suppress this warning.
WARNING: The option setting 'android.sdk.defaultTargetSdkToCompileSdkIfUnset=false' is deprecated.
The current default is 'true'.
It will be removed in version 10.0 of the Android Gradle plugin.
Add android.sync.suppressAgpWarnings=UNSUPPORTED_PROJECT_OPTION_USE to the gradle.properties file to suppress this warning.
WARNING: The option setting 'android.enableAppCompileTimeRClass=false' is deprecated.
The current default is 'true'.
It will be removed in version 10.0 of the Android Gradle plugin.
Add android.sync.suppressAgpWarnings=UNSUPPORTED_PROJECT_OPTION_USE to the gradle.properties file to suppress this warning.
WARNING: The option setting 'android.defaults.buildfeatures.resvalues=true' is deprecated.
The current default is 'false'.
It will be removed in version 10.0 of the Android Gradle plugin.
Add android.sync.suppressAgpWarnings=UNSUPPORTED_PROJECT_OPTION_USE to the gradle.properties file to suppress this warning.
google-services.json NO encontrado → Firebase Auth deshabilitado en este build (el multijugador no funcionará). Es normal en clones/PRs sin el archivo.
WARNING: The property android.dependency.excludeLibraryComponentsFromConstraints improves project import performance for very large projects. It should be enabled to improve performance.
To suppress this warning, add android.generateSyncIssueWhenLibraryConstraintsAreEnabled=false to gradle.properties
Add android.sync.suppressAgpWarnings=LIBRARY_CONSTRAINTS_SHOULD_BE_DISABLED to the gradle.properties file to suppress this warning.
WARNING: The property android.dependency.excludeLibraryComponentsFromConstraints improves project import performance for very large projects. It should be enabled to improve performance.
To suppress this warning, add android.generateSyncIssueWhenLibraryConstraintsAreEnabled=false to gradle.properties
Add android.sync.suppressAgpWarnings=LIBRARY_CONSTRAINTS_SHOULD_BE_DISABLED to the gradle.properties file to suppress this warning.
WARNING: The property android.dependency.excludeLibraryComponentsFromConstraints improves project import performance for very large projects. It should be enabled to improve performance.
To suppress this warning, add android.generateSyncIssueWhenLibraryConstraintsAreEnabled=false to gradle.properties
Add android.sync.suppressAgpWarnings=LIBRARY_CONSTRAINTS_SHOULD_BE_DISABLED to the gradle.properties file to suppress this warning.
WARNING: The property android.dependency.excludeLibraryComponentsFromConstraints improves project import performance for very large projects. It should be enabled to improve performance.
To suppress this warning, add android.generateSyncIssueWhenLibraryConstraintsAreEnabled=false to gradle.properties
Add android.sync.suppressAgpWarnings=LIBRARY_CONSTRAINTS_SHOULD_BE_DISABLED to the gradle.properties file to suppress this warning.

> Task :app:preBuild UP-TO-DATE
> Task :app:preDebugBuild UP-TO-DATE
> Task :app:mergeDebugNativeDebugMetadata NO-SOURCE
> Task :app:generateDebugBuildConfig
> Task :shared:androidPreBuild UP-TO-DATE
> Task :shared:preAndroidMainBuild UP-TO-DATE
> Task :app:generateDebugResValues
> Task :shared:writeAndroidMainAarMetadata
> Task :app:mapDebugSourceSetPaths
> Task :shared:generateAndroidMainEmptyResourceFiles
> Task :app:checkDebugAarMetadata
> Task :app:processDebugNavigationResources
> Task :app:compileDebugNavigationResources
> Task :app:generateDebugResources
> Task :shared:convertXmlValueResourcesForAndroidMain NO-SOURCE
> Task :shared:copyNonXmlValueResourcesForAndroidMain NO-SOURCE
> Task :shared:prepareComposeResourcesTaskForAndroidMain NO-SOURCE
> Task :shared:convertXmlValueResourcesForCommonMain
> Task :shared:copyNonXmlValueResourcesForCommonMain
> Task :shared:prepareComposeResourcesTaskForCommonMain
> Task :shared:copyAndroidMainComposeResourcesToAndroidAssets
> Task :shared:packageAndroidMainResources
> Task :app:packageDebugResources
> Task :app:createDebugCompatibleScreenManifests
> Task :app:extractDeepLinksDebug
> Task :shared:mapAndroidMainSourceSetPaths
> Task :shared:compileAndroidMainLibraryResources
> Task :shared:parseAndroidMainLocalResources
> Task :app:parseDebugLocalResources
> Task :shared:processAndroidMainManifest
> Task :app:mergeDebugResources
> Task :shared:generateAndroidMainRFile
> Task :shared:kmpPartiallyResolvedDependenciesChecker
> Task :app:processDebugMainManifest
> Task :app:processDebugManifest
> Task :shared:checkKotlinGradlePluginConfigurationErrors SKIPPED
> Task :shared:generateResourceAccessorsForAndroidMain NO-SOURCE
> Task :shared:generateResourceAccessorsForCommonMain
> Task :shared:generateActualResourceCollectorsForAndroidMain
> Task :shared:generateComposeResClass
> Task :shared:generateExpectResourceCollectorsForCommonMain
> Task :shared:convertXmlValueResourcesForAndroidHostTest NO-SOURCE
> Task :shared:copyNonXmlValueResourcesForAndroidHostTest NO-SOURCE
> Task :shared:prepareComposeResourcesTaskForAndroidHostTest NO-SOURCE
> Task :shared:generateResourceAccessorsForAndroidHostTest NO-SOURCE
> Task :shared:convertXmlValueResourcesForCommonTest NO-SOURCE
> Task :shared:copyNonXmlValueResourcesForCommonTest NO-SOURCE
> Task :shared:prepareComposeResourcesTaskForCommonTest NO-SOURCE
> Task :shared:generateResourceAccessorsForCommonTest NO-SOURCE
> Task :app:processDebugManifestForPackage
> Task :app:javaPreCompileDebug
> Task :app:generateDebugAssets UP-TO-DATE
> Task :shared:generateAndroidMainAssets UP-TO-DATE
> Task :shared:mergeAndroidMainAssets
> Task :app:processDebugResources
> Task :app:mergeDebugAssets
> Task :app:compressDebugAssets
> Task :app:generateDebugGlobalSynthetics
> Task :app:desugarDebugFileDependencies
> Task :app:mergeDebugJniLibFolders
> Task :shared:mergeAndroidMainJniLibFolders
> Task :shared:mergeAndroidMainNativeLibs NO-SOURCE
> Task :shared:copyAndroidMainJniLibsProjectOnly
> Task :app:validateSigningDebug
> Task :app:checkDebugDuplicateClasses
> Task :app:mergeDebugNativeLibs
> Task :app:writeDebugAppMetadata
> Task :app:writeDebugSigningConfigVersions
> Task :app:preDebugUnitTestBuild UP-TO-DATE
> Task :app:javaPreCompileDebugUnitTest

> Task :app:stripDebugDebugSymbols
Unable to strip the following libraries, packaging them as they are: libandroidx.graphics.path.so, libjingle_peerconnection_so.so, libsqliteJni.so. Run with --info option to learn more.

> Task :shared:androidJar
> Task :shared:preAndroidHostTestBuild UP-TO-DATE
> Task :shared:processAndroidHostTestJavaRes NO-SOURCE
> Task :shared:kspAndroidMain
w: [ksp] /home/jesus/Desktop/Moviles/POW-pr170/PolitecnicoOpenWorld/shared/src/commonMain/kotlin/ovh/gabrielhuav/pow/data/local/room/entity/RoadEntities.kt:70: (cellKey,wayId) column(s) reference a foreign key but they are not part of an index. This may trigger full table scans whenever parent table is modified so you are highly advised to create an index that covers these columns.

> Task :app:mergeExtDexDebug
> Task :shared:compileAndroidMain
w: file:///home/jesus/Desktop/Moviles/POW-pr170/PolitecnicoOpenWorld/shared/build/generated/ksp/android/androidMain/kotlin/ovh/gabrielhuav/pow/data/local/room/PowDatabaseConstructor.kt:5:8 'expect'/'actual' classes (including interfaces, objects, annotations, enums, and 'actual' typealiases) are in Beta. Consider using the '-Xexpect-actual-classes' flag to suppress this warning. Also see: https://youtrack.jetbrains.com/issue/KT-61573
w: file:///home/jesus/Desktop/Moviles/POW-pr170/PolitecnicoOpenWorld/shared/src/androidMain/kotlin/ovh/gabrielhuav/pow/features/streetfighter/data/SfLanDiscovery.kt:92:50 No cast needed.
w: file:///home/jesus/Desktop/Moviles/POW-pr170/PolitecnicoOpenWorld/shared/src/androidMain/kotlin/ovh/gabrielhuav/pow/platform/concurrencia/PowCerrojo.android.kt:7:1 'expect'/'actual' classes (including interfaces, objects, annotations, enums, and 'actual' typealiases) are in Beta. Consider using the '-Xexpect-actual-classes' flag to suppress this warning. Also see: https://youtrack.jetbrains.com/issue/KT-61573
w: file:///home/jesus/Desktop/Moviles/POW-pr170/PolitecnicoOpenWorld/shared/src/androidMain/kotlin/ovh/gabrielhuav/pow/presentation/PowViewModel.android.kt:11:1 'expect'/'actual' classes (including interfaces, objects, annotations, enums, and 'actual' typealiases) are in Beta. Consider using the '-Xexpect-actual-classes' flag to suppress this warning. Also see: https://youtrack.jetbrains.com/issue/KT-61573
w: file:///home/jesus/Desktop/Moviles/POW-pr170/PolitecnicoOpenWorld/shared/src/commonMain/kotlin/ovh/gabrielhuav/pow/domain/models/ai/CampaignEscortPolice.kt:360:26 Condition is always 'true'.
w: file:///home/jesus/Desktop/Moviles/POW-pr170/PolitecnicoOpenWorld/shared/src/commonMain/kotlin/ovh/gabrielhuav/pow/domain/models/ai/NpcAiManager.kt:917:49 Redundant call of conversion method.
w: file:///home/jesus/Desktop/Moviles/POW-pr170/PolitecnicoOpenWorld/shared/src/commonMain/kotlin/ovh/gabrielhuav/pow/domain/models/ai/NpcAiManagerTraffic.kt:124:61 Redundant call of conversion method.
w: file:///home/jesus/Desktop/Moviles/POW-pr170/PolitecnicoOpenWorld/shared/src/commonMain/kotlin/ovh/gabrielhuav/pow/domain/models/ai/NpcAiManagerTraffic.kt:200:43 Elvis operator (?:) always returns the left operand of non-nullable type 'LocalWay'.
w: file:///home/jesus/Desktop/Moviles/POW-pr170/PolitecnicoOpenWorld/shared/src/commonMain/kotlin/ovh/gabrielhuav/pow/domain/models/ai/NpcAiManagerTraffic.kt:320:24 Unnecessary non-null assertion (!!) on a non-null receiver of type 'MapWay'.
w: file:///home/jesus/Desktop/Moviles/POW-pr170/PolitecnicoOpenWorld/shared/src/commonMain/kotlin/ovh/gabrielhuav/pow/domain/models/ai/NpcAiManagerTraffic.kt:478:66 Redundant call of conversion method.
w: file:///home/jesus/Desktop/Moviles/POW-pr170/PolitecnicoOpenWorld/shared/src/commonMain/kotlin/ovh/gabrielhuav/pow/domain/models/ai/PoliceManager.kt:159:26 Condition is always 'true'.
w: file:///home/jesus/Desktop/Moviles/POW-pr170/PolitecnicoOpenWorld/shared/src/commonMain/kotlin/ovh/gabrielhuav/pow/features/settings/ui/SettingsScreen.kt:115:39 'val Icons.Filled.ArrowBack: ImageVector' is deprecated. Use the AutoMirrored version at Icons.AutoMirrored.Filled.ArrowBack.
w: file:///home/jesus/Desktop/Moviles/POW-pr170/PolitecnicoOpenWorld/shared/src/commonMain/kotlin/ovh/gabrielhuav/pow/features/settings/ui/SettingsScreen.kt:311:49 'val Icons.Filled.VolumeUp: ImageVector' is deprecated. Use the AutoMirrored version at Icons.AutoMirrored.Filled.VolumeUp.
w: file:///home/jesus/Desktop/Moviles/POW-pr170/PolitecnicoOpenWorld/shared/src/commonMain/kotlin/ovh/gabrielhuav/pow/platform/concurrencia/PowCerrojo.kt:15:1 'expect'/'actual' classes (including interfaces, objects, annotations, enums, and 'actual' typealiases) are in Beta. Consider using the '-Xexpect-actual-classes' flag to suppress this warning. Also see: https://youtrack.jetbrains.com/issue/KT-61573
w: file:///home/jesus/Desktop/Moviles/POW-pr170/PolitecnicoOpenWorld/shared/src/commonMain/kotlin/ovh/gabrielhuav/pow/presentation/PowViewModel.kt:25:1 'expect'/'actual' classes (including interfaces, objects, annotations, enums, and 'actual' typealiases) are in Beta. Consider using the '-Xexpect-actual-classes' flag to suppress this warning. Also see: https://youtrack.jetbrains.com/issue/KT-61573

> Task :shared:processAndroidMainJavaRes
> Task :shared:bundleAndroidMainClassesToCompileJar
> Task :shared:kspAndroidHostTest SKIPPED
> Task :shared:bundleAndroidMainClassesToRuntimeJar
> Task :shared:copyRoomSchemas NO-SOURCE
> Task :shared:bundleLibRuntimeToDirAndroidMain
> Task :shared:compileAndroidHostTest
> Task :shared:testAndroidHostTest
> Task :app:kspDebugKotlin
The Daemon will expire after the build after running out of JVM Metaspace.
The project memory settings are likely not configured or are configured to an insufficient value.
The daemon will restart for the next build, which may increase subsequent build times.
These settings can be adjusted by setting 'org.gradle.jvmargs' in 'gradle.properties'.
The currently configured max heap space is '1.5 GiB' and the configured max metaspace is '384 MiB'.
For more information on how to set these values, please refer to https://docs.gradle.org/9.5.0/userguide/build_environment.html#sec:configuring_jvm_memory in the Gradle documentation.
To disable this warning, set 'org.gradle.daemon.performance.disable-logging=true'.
Daemon will be stopped at the end of the build after running out of JVM Metaspace
> Task :app:mergeLibDexDebug
> Task :app:compileDebugKotlin
w: file:///home/jesus/Desktop/Moviles/POW-pr170/PolitecnicoOpenWorld/app/src/main/java/ovh/gabrielhuav/pow/MainActivity.kt:91:58 'static field TRIM_MEMORY_RUNNING_LOW: Int' is deprecated. Deprecated in Java.
w: file:///home/jesus/Desktop/Moviles/POW-pr170/PolitecnicoOpenWorld/app/src/main/java/ovh/gabrielhuav/pow/data/auth/AuthManager.kt:6:8 'class GoogleSignIn : Any' is deprecated. Deprecated in Java.
w: file:///home/jesus/Desktop/Moviles/POW-pr170/PolitecnicoOpenWorld/app/src/main/java/ovh/gabrielhuav/pow/data/auth/AuthManager.kt:7:8 'class GoogleSignInClient : GoogleApi<GoogleSignInOptions!>' is deprecated. Deprecated in Java.
w: file:///home/jesus/Desktop/Moviles/POW-pr170/PolitecnicoOpenWorld/app/src/main/java/ovh/gabrielhuav/pow/data/auth/AuthManager.kt:46:37 'class GoogleSignInClient : GoogleApi<GoogleSignInOptions!>' is deprecated. Deprecated in Java.
w: file:///home/jesus/Desktop/Moviles/POW-pr170/PolitecnicoOpenWorld/app/src/main/java/ovh/gabrielhuav/pow/data/auth/AuthManager.kt:50:9 'class GoogleSignIn : Any' is deprecated. Deprecated in Java.
w: file:///home/jesus/Desktop/Moviles/POW-pr170/PolitecnicoOpenWorld/app/src/main/java/ovh/gabrielhuav/pow/data/auth/AuthManager.kt:85:24 'class GoogleSignIn : Any' is deprecated. Deprecated in Java.
w: file:///home/jesus/Desktop/Moviles/POW-pr170/PolitecnicoOpenWorld/app/src/main/java/ovh/gabrielhuav/pow/features/interiores/core/ui/InteriorPlayerViews.kt:62:9 'fun LinearProgressIndicator(progress: Float, modifier: Modifier = ..., color: Color = ..., trackColor: Color = ..., strokeCap: StrokeCap = ...): Unit' is deprecated. Use the overload that takes `progress` as a lambda.
w: file:///home/jesus/Desktop/Moviles/POW-pr170/PolitecnicoOpenWorld/app/src/main/java/ovh/gabrielhuav/pow/features/interiores/escom/ui/InteriorScreenBase.kt:187:36 'val Icons.Filled.ArrowBack: ImageVector' is deprecated. Use the AutoMirrored version at Icons.AutoMirrored.Filled.ArrowBack.
w: file:///home/jesus/Desktop/Moviles/POW-pr170/PolitecnicoOpenWorld/app/src/main/java/ovh/gabrielhuav/pow/features/interiores/escom/ui/MetroStationInteriorScreen.kt:421:36 'val Icons.Filled.ArrowBack: ImageVector' is deprecated. Use the AutoMirrored version at Icons.AutoMirrored.Filled.ArrowBack.
w: file:///home/jesus/Desktop/Moviles/POW-pr170/PolitecnicoOpenWorld/app/src/main/java/ovh/gabrielhuav/pow/features/interiores/escom/ui/MetrobusStationInteriorScreen.kt:382:36 'val Icons.Filled.ArrowBack: ImageVector' is deprecated. Use the AutoMirrored version at Icons.AutoMirrored.Filled.ArrowBack.
w: file:///home/jesus/Desktop/Moviles/POW-pr170/PolitecnicoOpenWorld/app/src/main/java/ovh/gabrielhuav/pow/features/interiores/escom/viewmodel/TransitInteriorViewModel.kt:47:5 This annotation is currently applied to the value parameter only, but in the future it will also be applied to field.
- To opt in to applying to both value parameter and field, add '-Xannotation-default-target=param-property' to your compiler arguments.
- To keep applying to the value parameter only, use the '@param:' annotation target.

See https://youtrack.jetbrains.com/issue/KT-73255 for more details.
w: file:///home/jesus/Desktop/Moviles/POW-pr170/PolitecnicoOpenWorld/app/src/main/java/ovh/gabrielhuav/pow/features/interiores/escom/viewmodel/TransitInteriorViewModel.kt:319:36 'constructor(p0: String!): Locale' is deprecated. Deprecated in Java.
w: file:///home/jesus/Desktop/Moviles/POW-pr170/PolitecnicoOpenWorld/app/src/main/java/ovh/gabrielhuav/pow/features/interiores/escom/viewmodel/TransitInteriorViewModel.kt:485:21 Condition is always 'true'.
w: file:///home/jesus/Desktop/Moviles/POW-pr170/PolitecnicoOpenWorld/app/src/main/java/ovh/gabrielhuav/pow/features/interiores/escom/viewmodel/TransitInteriorViewModel.kt:507:21 Condition is always 'true'.
w: file:///home/jesus/Desktop/Moviles/POW-pr170/PolitecnicoOpenWorld/app/src/main/java/ovh/gabrielhuav/pow/features/interiores/escom/viewmodel/TransitInteriorViewModel.kt:524:21 Condition is always 'true'.
w: file:///home/jesus/Desktop/Moviles/POW-pr170/PolitecnicoOpenWorld/app/src/main/java/ovh/gabrielhuav/pow/features/interiores/escom/viewmodel/TransitSystemConfig.kt:81:5 This annotation is currently applied to the value parameter only, but in the future it will also be applied to field.
- To opt in to applying to both value parameter and field, add '-Xannotation-default-target=param-property' to your compiler arguments.
- To keep applying to the value parameter only, use the '@param:' annotation target.

See https://youtrack.jetbrains.com/issue/KT-73255 for more details.
w: file:///home/jesus/Desktop/Moviles/POW-pr170/PolitecnicoOpenWorld/app/src/main/java/ovh/gabrielhuav/pow/features/interiores/escom/viewmodel/TransitSystemConfig.kt:82:5 This annotation is currently applied to the value parameter only, but in the future it will also be applied to field.
- To opt in to applying to both value parameter and field, add '-Xannotation-default-target=param-property' to your compiler arguments.
- To keep applying to the value parameter only, use the '@param:' annotation target.

See https://youtrack.jetbrains.com/issue/KT-73255 for more details.
w: file:///home/jesus/Desktop/Moviles/POW-pr170/PolitecnicoOpenWorld/app/src/main/java/ovh/gabrielhuav/pow/features/interiores/escom/viewmodel/TransitSystemConfig.kt:83:5 This annotation is currently applied to the value parameter only, but in the future it will also be applied to field.
- To opt in to applying to both value parameter and field, add '-Xannotation-default-target=param-property' to your compiler arguments.
- To keep applying to the value parameter only, use the '@param:' annotation target.

See https://youtrack.jetbrains.com/issue/KT-73255 for more details.
w: file:///home/jesus/Desktop/Moviles/POW-pr170/PolitecnicoOpenWorld/app/src/main/java/ovh/gabrielhuav/pow/features/interiores/escom/viewmodel/TransitSystemConfig.kt:84:5 This annotation is currently applied to the value parameter only, but in the future it will also be applied to field.
- To opt in to applying to both value parameter and field, add '-Xannotation-default-target=param-property' to your compiler arguments.
- To keep applying to the value parameter only, use the '@param:' annotation target.

See https://youtrack.jetbrains.com/issue/KT-73255 for more details.
w: file:///home/jesus/Desktop/Moviles/POW-pr170/PolitecnicoOpenWorld/app/src/main/java/ovh/gabrielhuav/pow/features/interiores/escom/viewmodel/TransitSystemConfig.kt:85:5 This annotation is currently applied to the value parameter only, but in the future it will also be applied to field.
- To opt in to applying to both value parameter and field, add '-Xannotation-default-target=param-property' to your compiler arguments.
- To keep applying to the value parameter only, use the '@param:' annotation target.

See https://youtrack.jetbrains.com/issue/KT-73255 for more details.
w: file:///home/jesus/Desktop/Moviles/POW-pr170/PolitecnicoOpenWorld/app/src/main/java/ovh/gabrielhuav/pow/features/interiores/shinecto/ui/ShineCTOScreen.kt:368:40 'val Icons.Filled.ArrowBack: ImageVector' is deprecated. Use the AutoMirrored version at Icons.AutoMirrored.Filled.ArrowBack.
w: file:///home/jesus/Desktop/Moviles/POW-pr170/PolitecnicoOpenWorld/app/src/main/java/ovh/gabrielhuav/pow/features/interiores/shinecto/viewmodel/ShineCTOViewModel.kt:340:36 'constructor(p0: String!): Locale' is deprecated. Deprecated in Java.
w: file:///home/jesus/Desktop/Moviles/POW-pr170/PolitecnicoOpenWorld/app/src/main/java/ovh/gabrielhuav/pow/features/interiores/zombies/ui/ParkedCarsLayer.kt:158:7 Elvis operator (?:) always returns the left operand of non-nullable type 'LandmarkNavGraph'.
w: file:///home/jesus/Desktop/Moviles/POW-pr170/PolitecnicoOpenWorld/app/src/main/java/ovh/gabrielhuav/pow/features/interiores/zombies/ui/ZombieGameScreen.kt:1244:40 'val Icons.Filled.ExitToApp: ImageVector' is deprecated. Use the AutoMirrored version at Icons.AutoMirrored.Filled.ExitToApp.
w: file:///home/jesus/Desktop/Moviles/POW-pr170/PolitecnicoOpenWorld/app/src/main/java/ovh/gabrielhuav/pow/features/interiores/zombies/ui/ZombieGameScreen.kt:1280:106 'val Icons.Filled.ExitToApp: ImageVector' is deprecated. Use the AutoMirrored version at Icons.AutoMirrored.Filled.ExitToApp.
w: file:///home/jesus/Desktop/Moviles/POW-pr170/PolitecnicoOpenWorld/app/src/main/java/ovh/gabrielhuav/pow/features/interiores/zombies/ui/ZombieHud.kt:441:17 'fun LinearProgressIndicator(progress: Float, modifier: Modifier = ..., color: Color = ..., trackColor: Color = ..., strokeCap: StrokeCap = ...): Unit' is deprecated. Use the overload that takes `progress` as a lambda.
w: file:///home/jesus/Desktop/Moviles/POW-pr170/PolitecnicoOpenWorld/app/src/main/java/ovh/gabrielhuav/pow/features/interiores/zombies/viewmodel/ZombieAmbientNpcs.kt:52:5 This annotation is currently applied to the value parameter only, but in the future it will also be applied to field.
- To opt in to applying to both value parameter and field, add '-Xannotation-default-target=param-property' to your compiler arguments.
- To keep applying to the value parameter only, use the '@param:' annotation target.

See https://youtrack.jetbrains.com/issue/KT-73255 for more details.
w: file:///home/jesus/Desktop/Moviles/POW-pr170/PolitecnicoOpenWorld/app/src/main/java/ovh/gabrielhuav/pow/features/interiores/zombies/viewmodel/ZombieAmbientNpcs.kt:489:80 Elvis operator (?:) always returns the left operand of non-nullable type 'String'.
w: file:///home/jesus/Desktop/Moviles/POW-pr170/PolitecnicoOpenWorld/app/src/main/java/ovh/gabrielhuav/pow/features/interiores/zombies/viewmodel/ZombieAmbientNpcs.kt:494:81 Elvis operator (?:) always returns the left operand of non-nullable type 'String'.
w: file:///home/jesus/Desktop/Moviles/POW-pr170/PolitecnicoOpenWorld/app/src/main/java/ovh/gabrielhuav/pow/features/interiores/zombies/viewmodel/ZombieInteriorViewModel.kt:48:5 This annotation is currently applied to the value parameter only, but in the future it will also be applied to field.
- To opt in to applying to both value parameter and field, add '-Xannotation-default-target=param-property' to your compiler arguments.
- To keep applying to the value parameter only, use the '@param:' annotation target.

See https://youtrack.jetbrains.com/issue/KT-73255 for more details.
w: file:///home/jesus/Desktop/Moviles/POW-pr170/PolitecnicoOpenWorld/app/src/main/java/ovh/gabrielhuav/pow/features/main_menu/ui/SaveSlotsDialog.kt:88:83 Unnecessary non-null assertion (!!) on a non-null receiver of type 'String'.
w: file:///home/jesus/Desktop/Moviles/POW-pr170/PolitecnicoOpenWorld/app/src/main/java/ovh/gabrielhuav/pow/features/map_exterior/ui/NativeOsmMapPrankedy.kt:60:88 Unnecessary non-null assertion (!!) on a non-null receiver of type 'GeoPoint'.
w: file:///home/jesus/Desktop/Moviles/POW-pr170/PolitecnicoOpenWorld/app/src/main/java/ovh/gabrielhuav/pow/features/map_exterior/ui/VendorMenuDialog.kt:84:17 'fun Divider(modifier: Modifier = ..., thickness: Dp = ..., color: Color = ...): Unit' is deprecated. Renamed to HorizontalDivider.
w: file:///home/jesus/Desktop/Moviles/POW-pr170/PolitecnicoOpenWorld/app/src/main/java/ovh/gabrielhuav/pow/features/map_exterior/ui/WorldMapDrawingUtils.kt:120:72 'val opacity: Int' is deprecated. Deprecated in Java.
w: file:///home/jesus/Desktop/Moviles/POW-pr170/PolitecnicoOpenWorld/app/src/main/java/ovh/gabrielhuav/pow/features/map_exterior/ui/WorldMapScreen.kt:763:17 'fun LinearProgressIndicator(progress: Float, modifier: Modifier = ..., color: Color = ..., trackColor: Color = ..., strokeCap: StrokeCap = ...): Unit' is deprecated. Use the overload that takes `progress` as a lambda.
w: file:///home/jesus/Desktop/Moviles/POW-pr170/PolitecnicoOpenWorld/app/src/main/java/ovh/gabrielhuav/pow/features/map_exterior/ui/WorldMapScreenGoogle.kt:140:96 Redundant call of conversion method.
w: file:///home/jesus/Desktop/Moviles/POW-pr170/PolitecnicoOpenWorld/app/src/main/java/ovh/gabrielhuav/pow/features/map_exterior/ui/WorldMapScreenGoogle.kt:141:98 Redundant call of conversion method.
w: file:///home/jesus/Desktop/Moviles/POW-pr170/PolitecnicoOpenWorld/app/src/main/java/ovh/gabrielhuav/pow/features/map_exterior/ui/WorldMapScreenGoogle.kt:276:56 Condition is always 'true'.
w: file:///home/jesus/Desktop/Moviles/POW-pr170/PolitecnicoOpenWorld/app/src/main/java/ovh/gabrielhuav/pow/features/map_exterior/ui/WorldMapScreenWeb.kt:86:38 'var allowFileAccessFromFileURLs: Boolean' is deprecated. Deprecated in Java.
w: file:///home/jesus/Desktop/Moviles/POW-pr170/PolitecnicoOpenWorld/app/src/main/java/ovh/gabrielhuav/pow/features/map_exterior/ui/WorldMapScreenWeb.kt:87:38 'var allowUniversalAccessFromFileURLs: Boolean' is deprecated. Deprecated in Java.
w: file:///home/jesus/Desktop/Moviles/POW-pr170/PolitecnicoOpenWorld/app/src/main/java/ovh/gabrielhuav/pow/features/map_exterior/ui/WorldMapScreenWeb.kt:158:71 Condition is always 'true'.
w: file:///home/jesus/Desktop/Moviles/POW-pr170/PolitecnicoOpenWorld/app/src/main/java/ovh/gabrielhuav/pow/features/map_exterior/ui/components/CatSpriteManager.kt:33:24 This class is not recommended for use in Kotlin. Use 'kotlin.Any' instead.
w: file:///home/jesus/Desktop/Moviles/POW-pr170/PolitecnicoOpenWorld/app/src/main/java/ovh/gabrielhuav/pow/features/map_exterior/ui/components/Designerpanel.kt:427:42 'val Icons.Filled.KeyboardArrowLeft: ImageVector' is deprecated. Use the AutoMirrored version at Icons.AutoMirrored.Filled.KeyboardArrowLeft.
w: file:///home/jesus/Desktop/Moviles/POW-pr170/PolitecnicoOpenWorld/app/src/main/java/ovh/gabrielhuav/pow/features/map_exterior/ui/components/Designerpanel.kt:428:35 'val Icons.Filled.KeyboardArrowRight: ImageVector' is deprecated. Use the AutoMirrored version at Icons.AutoMirrored.Filled.KeyboardArrowRight.
w: file:///home/jesus/Desktop/Moviles/POW-pr170/PolitecnicoOpenWorld/app/src/main/java/ovh/gabrielhuav/pow/features/map_exterior/ui/components/GameControllers.kt:144:49 'val Icons.Filled.KeyboardArrowLeft: ImageVector' is deprecated. Use the AutoMirrored version at Icons.AutoMirrored.Filled.KeyboardArrowLeft.
w: file:///home/jesus/Desktop/Moviles/POW-pr170/PolitecnicoOpenWorld/app/src/main/java/ovh/gabrielhuav/pow/features/map_exterior/ui/components/GameControllers.kt:146:49 'val Icons.Filled.KeyboardArrowRight: ImageVector' is deprecated. Use the AutoMirrored version at Icons.AutoMirrored.Filled.KeyboardArrowRight.
w: file:///home/jesus/Desktop/Moviles/POW-pr170/PolitecnicoOpenWorld/app/src/main/java/ovh/gabrielhuav/pow/features/map_exterior/ui/components/GameControllers.kt:214:56 'val Icons.Filled.KeyboardArrowLeft: ImageVector' is deprecated. Use the AutoMirrored version at Icons.AutoMirrored.Filled.KeyboardArrowLeft.
w: file:///home/jesus/Desktop/Moviles/POW-pr170/PolitecnicoOpenWorld/app/src/main/java/ovh/gabrielhuav/pow/features/map_exterior/ui/components/GameControllers.kt:216:56 'val Icons.Filled.KeyboardArrowRight: ImageVector' is deprecated. Use the AutoMirrored version at Icons.AutoMirrored.Filled.KeyboardArrowRight.
w: file:///home/jesus/Desktop/Moviles/POW-pr170/PolitecnicoOpenWorld/app/src/main/java/ovh/gabrielhuav/pow/features/map_exterior/ui/components/NpcRenderWrapper.kt:74:17 'fun LinearProgressIndicator(progress: Float, modifier: Modifier = ..., color: Color = ..., trackColor: Color = ..., strokeCap: StrokeCap = ...): Unit' is deprecated. Use the overload that takes `progress` as a lambda.
w: file:///home/jesus/Desktop/Moviles/POW-pr170/PolitecnicoOpenWorld/app/src/main/java/ovh/gabrielhuav/pow/features/map_exterior/ui/components/OptionsMenu.kt:160:89 'val Icons.Filled.KeyboardArrowRight: ImageVector' is deprecated. Use the AutoMirrored version at Icons.AutoMirrored.Filled.KeyboardArrowRight.
w: file:///home/jesus/Desktop/Moviles/POW-pr170/PolitecnicoOpenWorld/app/src/main/java/ovh/gabrielhuav/pow/features/map_exterior/ui/components/PoliceNpcSpriteManager.kt:34:60 Redundant call of conversion method.
w: file:///home/jesus/Desktop/Moviles/POW-pr170/PolitecnicoOpenWorld/app/src/main/java/ovh/gabrielhuav/pow/features/map_exterior/ui/components/PrankedySpriteManager.kt:178:41 Redundant call of conversion method.
w: file:///home/jesus/Desktop/Moviles/POW-pr170/PolitecnicoOpenWorld/app/src/main/java/ovh/gabrielhuav/pow/features/map_exterior/viewmodel/WorldMapDebugEditor.kt:80:84 Elvis operator (?:) always returns the left operand of non-nullable type 'DebugCollisionsExport'.
w: file:///home/jesus/Desktop/Moviles/POW-pr170/PolitecnicoOpenWorld/app/src/main/java/ovh/gabrielhuav/pow/features/map_exterior/viewmodel/WorldMapRouting.kt:14:74 Redundant call of conversion method.
w: file:///home/jesus/Desktop/Moviles/POW-pr170/PolitecnicoOpenWorld/app/src/main/java/ovh/gabrielhuav/pow/features/map_exterior/viewmodel/WorldMapRouting.kt:66:67 Redundant call of conversion method.
w: file:///home/jesus/Desktop/Moviles/POW-pr170/PolitecnicoOpenWorld/app/src/main/java/ovh/gabrielhuav/pow/features/map_exterior/viewmodel/WorldMapRouting.kt:187:14 Only safe (?.) or non-null asserted (!!.) calls are allowed on a nullable receiver of type 'Pair<Long, Double>?'.
w: file:///home/jesus/Desktop/Moviles/POW-pr170/PolitecnicoOpenWorld/app/src/main/java/ovh/gabrielhuav/pow/features/map_exterior/viewmodel/WorldMapRouting.kt:187:19 Only safe (?.) or non-null asserted (!!.) calls are allowed on a nullable receiver of type 'Pair<Long, Double>?'.
w: file:///home/jesus/Desktop/Moviles/POW-pr170/PolitecnicoOpenWorld/app/src/main/java/ovh/gabrielhuav/pow/features/map_exterior/viewmodel/WorldMapViewModel.kt:1096:84 Unnecessary safe call on a non-null receiver of type 'CarModel'.

> Task :app:compileDebugJavaWithJavac
> Task :app:processDebugJavaRes
> Task :app:hiltCollectClassesDebug
> Task :app:hiltAggregateDepsDebug
> Task :app:mergeDebugJavaResource
> Task :app:hiltJavaCompileDebug
> Task :app:bundleDebugClassesToCompileJar
> Task :app:kspDebugUnitTestKotlin SKIPPED
> Task :app:transformDebugClassesWithAsm
> Task :app:compileDebugUnitTestKotlin
> Task :app:dexBuilderDebug
> Task :app:processDebugUnitTestJavaRes
> Task :app:compileDebugUnitTestJavaWithJavac NO-SOURCE
> Task :app:hiltCollectClassesDebugUnitTest
> Task :app:bundleDebugClassesToRuntimeJar
> Task :app:mergeProjectDexDebug
> Task :app:hiltAggregateDepsDebugUnitTest
> Task :app:hiltJavaCompileDebugUnitTest NO-SOURCE
> Task :app:transformDebugUnitTestClassesWithAsm
> Task :app:testDebugUnitTest
> Task :app:packageDebug
> Task :app:createDebugApkListingFileRedirect
> Task :app:assembleDebug

BUILD SUCCESSFUL in 6m 6s
79 actionable tasks: 79 executed
Consider enabling configuration cache to speed up this build: https://docs.gradle.org/9.5.0/userguide/configuration_cache_enabling.html
